0 verbose cli C:\Program Files\nodejs\node.exe C:\Program Files\nodejs\node_modules\npm\bin\npm-cli.js
1 info using npm@11.6.2
2 info using node@v24.13.0
3 silly config load:file:C:\Program Files\nodejs\node_modules\npm\npmrc
4 silly config load:file:C:\Users\29382\Desktop\VSCode\software\SEGroup8\frontend\.npmrc
5 silly config load:file:C:\Users\29382\.npmrc
6 silly config load:file:C:\Program Files\nodejs\node_global\etc\npmrc
7 verbose title npm install fuse.js
8 verbose argv "install" "fuse.js" "--cache" ".npm-cache"
9 verbose logfile logs-max:10 dir:C:\Users\29382\Desktop\VSCode\software\SEGroup8\frontend\.npm-cache\_logs\2026-04-10T16_06_05_420Z-
10 verbose logfile C:\Users\29382\Desktop\VSCode\software\SEGroup8\frontend\.npm-cache\_logs\2026-04-10T16_06_05_420Z-debug-0.log
11 silly logfile done cleaning log files
12 silly packumentCache heap:4496293888 maxSize:1124073472 maxEntrySize:562036736
13 silly idealTree buildDeps
14 silly fetch manifest fuse.js@*
15 silly packumentCache full:https://registry.npmmirror.com/fuse.js cache-miss
16 http fetch GET 200 https://registry.npmmirror.com/npm 354ms
17 http fetch GET 200 https://registry.npmmirror.com/fuse.js 329ms (cache miss)
18 silly packumentCache full:https://registry.npmmirror.com/fuse.js set size:49192 disposed:false
19 silly placeDep ROOT fuse.js@7.3.0 OK for: segroup8-frontend@0.1.0 want: *
20 silly reify moves {}
21 silly audit bulk request {
21 silly audit   '@babel/helper-string-parser': [ '7.27.1' ],
21 silly audit   '@babel/helper-validator-identifier': [ '7.28.5' ],
21 silly audit   '@babel/parser': [ '7.29.2' ],
21 silly audit   '@babel/types': [ '7.29.0' ],
21 silly audit   '@ctrl/tinycolor': [ '4.2.0' ],
21 silly audit   '@element-plus/icons-vue': [ '2.3.2' ],
21 silly audit   '@esbuild/aix-ppc64': [ '0.25.12' ],
21 silly audit   '@esbuild/android-arm': [ '0.25.12' ],
21 silly audit   '@esbuild/android-arm64': [ '0.25.12' ],
21 silly audit   '@esbuild/android-x64': [ '0.25.12' ],
21 silly audit   '@esbuild/darwin-arm64': [ '0.25.12' ],
21 silly audit   '@esbuild/darwin-x64': [ '0.25.12' ],
21 silly audit   '@esbuild/freebsd-arm64': [ '0.25.12' ],
21 silly audit   '@esbuild/freebsd-x64': [ '0.25.12' ],
21 silly audit   '@esbuild/linux-arm': [ '0.25.12' ],
21 silly audit   '@esbuild/linux-arm64': [ '0.25.12' ],
21 silly audit   '@esbuild/linux-ia32': [ '0.25.12' ],
21 silly audit   '@esbuild/linux-loong64': [ '0.25.12' ],
21 silly audit   '@esbuild/linux-mips64el': [ '0.25.12' ],
21 silly audit   '@esbuild/linux-ppc64': [ '0.25.12' ],
21 silly audit   '@esbuild/linux-riscv64': [ '0.25.12' ],
21 silly audit   '@esbuild/linux-s390x': [ '0.25.12' ],
21 silly audit   '@esbuild/linux-x64': [ '0.25.12' ],
21 silly audit   '@esbuild/netbsd-arm64': [ '0.25.12' ],
21 silly audit   '@esbuild/netbsd-x64': [ '0.25.12' ],
21 silly audit   '@esbuild/openbsd-arm64': [ '0.25.12' ],
21 silly audit   '@esbuild/openbsd-x64': [ '0.25.12' ],
21 silly audit   '@esbuild/openharmony-arm64': [ '0.25.12' ],
21 silly audit   '@esbuild/sunos-x64': [ '0.25.12' ],
21 silly audit   '@esbuild/win32-arm64': [ '0.25.12' ],
21 silly audit   '@esbuild/win32-ia32': [ '0.25.12' ],
21 silly audit   '@esbuild/win32-x64': [ '0.25.12' ],
21 silly audit   '@floating-ui/core': [ '1.7.5' ],
21 silly audit   '@floating-ui/dom': [ '1.7.6' ],
21 silly audit   '@floating-ui/utils': [ '0.2.11' ],
21 silly audit   '@jridgewell/sourcemap-codec': [ '1.5.5' ],
21 silly audit   '@sxzz/popperjs-es': [ '2.11.8' ],
21 silly audit   '@rollup/rollup-android-arm-eabi': [ '4.60.1' ],
21 silly audit   '@rollup/rollup-android-arm64': [ '4.60.1' ],
21 silly audit   '@rollup/rollup-darwin-arm64': [ '4.60.1' ],
21 silly audit   '@rollup/rollup-darwin-x64': [ '4.60.1' ],
21 silly audit   '@rollup/rollup-freebsd-arm64': [ '4.60.1' ],
21 silly audit   '@rollup/rollup-freebsd-x64': [ '4.60.1' ],
21 silly audit   '@rollup/rollup-linux-arm-gnueabihf': [ '4.60.1' ],
21 silly audit   '@rollup/rollup-linux-arm-musleabihf': [ '4.60.1' ],
21 silly audit   '@rollup/rollup-linux-arm64-gnu': [ '4.60.1' ],
21 silly audit   '@rollup/rollup-linux-arm64-musl': [ '4.60.1' ],
21 silly audit   '@rollup/rollup-linux-loong64-gnu': [ '4.60.1' ],
21 silly audit   '@rollup/rollup-linux-loong64-musl': [ '4.60.1' ],
21 silly audit   '@rollup/rollup-linux-ppc64-gnu': [ '4.60.1' ],
21 silly audit   '@rollup/rollup-linux-ppc64-musl': [ '4.60.1' ],
21 silly audit   '@rollup/rollup-linux-riscv64-gnu': [ '4.60.1' ],
21 silly audit   '@rollup/rollup-linux-riscv64-musl': [ '4.60.1' ],
21 silly audit   '@rollup/rollup-linux-s390x-gnu': [ '4.60.1' ],
21 silly audit   '@rollup/rollup-linux-x64-gnu': [ '4.60.1' ],
21 silly audit   '@rollup/rollup-linux-x64-musl': [ '4.60.1' ],
21 silly audit   '@rollup/rollup-openbsd-x64': [ '4.60.1' ],
21 silly audit   '@rollup/rollup-openharmony-arm64': [ '4.60.1' ],
21 silly audit   '@rollup/rollup-win32-arm64-msvc': [ '4.60.1' ],
21 silly audit   '@rollup/rollup-win32-ia32-msvc': [ '4.60.1' ],
21 silly audit   '@rollup/rollup-win32-x64-gnu': [ '4.60.1' ],
21 silly audit   '@rollup/rollup-win32-x64-msvc': [ '4.60.1' ],
21 silly audit   '@types/estree': [ '1.0.8' ],
21 silly audit   '@types/lodash': [ '4.17.24' ],
21 silly audit   '@types/lodash-es': [ '4.17.12' ],
21 silly audit   '@types/web-bluetooth': [ '0.0.20' ],
21 silly audit   '@vitejs/plugin-vue': [ '5.2.4' ],
21 silly audit   '@vue/compiler-core': [ '3.5.32' ],
21 silly audit   '@vue/compiler-dom': [ '3.5.32' ],
21 silly audit   '@vue/compiler-sfc': [ '3.5.32' ],
21 silly audit   '@vue/compiler-ssr': [ '3.5.32' ],
21 silly audit   '@vue/devtools-api': [ '6.6.4' ],
21 silly audit   '@vue/reactivity': [ '3.5.32' ],
21 silly audit   '@vue/runtime-core': [ '3.5.32' ],
21 silly audit   '@vue/runtime-dom': [ '3.5.32' ],
21 silly audit   '@vue/server-renderer': [ '3.5.32' ],
21 silly audit   '@vue/shared': [ '3.5.32' ],
21 silly audit   '@vueuse/core': [ '12.0.0' ],
21 silly audit   '@vueuse/metadata': [ '12.0.0' ],
21 silly audit   '@vueuse/shared': [ '12.0.0' ],
21 silly audit   'async-validator': [ '4.2.5' ],
21 silly audit   asynckit: [ '0.4.0' ],
21 silly audit   axios: [ '1.14.0' ],
21 silly audit   'call-bind-apply-helpers': [ '1.0.2' ],
21 silly audit   'combined-stream': [ '1.0.8' ],
21 silly audit   csstype: [ '3.2.3' ],
21 silly audit   dayjs: [ '1.11.20' ],
21 silly audit   'delayed-stream': [ '1.0.0' ],
21 silly audit   'dunder-proto': [ '1.0.1' ],
21 silly audit   'element-plus': [ '2.13.6' ],
21 silly audit   entities: [ '7.0.1' ],
21 silly audit   'es-define-property': [ '1.0.1' ],
21 silly audit   'es-errors': [ '1.3.0' ],
21 silly audit   'es-object-atoms': [ '1.1.1' ],
21 silly audit   'es-set-tostringtag': [ '2.1.0' ],
21 silly audit   esbuild: [ '0.25.12' ],
21 silly audit   'estree-walker': [ '2.0.2' ],
21 silly audit   fdir: [ '6.5.0' ],
21 silly audit   'follow-redirects': [ '1.15.11' ],
21 silly audit   'form-data': [ '4.0.5' ],
21 silly audit   fsevents: [ '2.3.3' ],
21 silly audit   'function-bind': [ '1.1.2' ],
21 silly audit   'get-intrinsic': [ '1.3.0' ],
21 silly audit   'get-proto': [ '1.0.1' ],
21 silly audit   gopd: [ '1.2.0' ],
21 silly audit   'has-symbols': [ '1.1.0' ],
21 silly audit   'has-tostringtag': [ '1.0.2' ],
21 silly audit   hasown: [ '2.0.2' ],
21 silly audit   lodash: [ '4.18.1' ],
21 silly audit   'lodash-es': [ '4.18.1' ],
21 silly audit   'lodash-unified': [ '1.0.3' ],
21 silly audit   'magic-string': [ '0.30.21' ],
21 silly audit   'math-intrinsics': [ '1.1.0' ],
21 silly audit   'memoize-one': [ '6.0.0' ],
21 silly audit   'mime-db': [ '1.52.0' ],
21 silly audit   'mime-types': [ '2.1.35' ],
21 silly audit   nanoid: [ '3.3.11' ],
21 silly audit   'normalize-wheel-es': [ '1.2.0' ],
21 silly audit   picocolors: [ '1.1.1' ],
21 silly audit   picomatch: [ '4.0.4' ],
21 silly audit   pinia: [ '2.3.1' ],
21 silly audit   postcss: [ '8.5.8' ],
21 silly audit   'proxy-from-env': [ '2.1.0' ],
21 silly audit   rollup: [ '4.60.1' ],
21 silly audit   'source-map-js': [ '1.2.1' ],
21 silly audit   tinyglobby: [ '0.2.15' ],
21 silly audit   vite: [ '6.4.2' ],
21 silly audit   vue: [ '3.5.32' ],
21 silly audit   'vue-component-type-helpers': [ '3.2.6' ],
21 silly audit   'vue-demi': [ '0.14.10' ],
21 silly audit   'vue-router': [ '4.6.4' ],
21 silly audit   'fuse.js': [ '7.3.0' ]
21 silly audit }
22 http cache fuse.js@https://registry.npmmirror.com/fuse.js/-/fuse.js-7.3.0.tgz 0ms (cache hit)
23 silly tarball no local data for fuse.js@https://registry.npmmirror.com/fuse.js/-/fuse.js-7.3.0.tgz. Extracting by manifest.
24 http fetch POST 404 https://registry.npmmirror.com/-/npm/v1/security/advisories/bulk 15ms
25 verbose audit error HttpErrorGeneral: 404 Not Found - POST https://registry.npmmirror.com/-/npm/v1/security/advisories/bulk - [NOT_IMPLEMENTED] /-/npm/v1/security/* not implemented yet
25 verbose audit error     at C:\Program Files\nodejs\node_modules\npm\node_modules\npm-registry-fetch\lib\check-response.js:103:15
25 verbose audit error     at process.processTicksAndRejections (node:internal/process/task_queues:103:5)
25 verbose audit error     at async #getReport (C:\Program Files\nodejs\node_modules\npm\node_modules\@npmcli\arborist\lib\audit-report.js:275:19)
25 verbose audit error     at async AuditReport.run (C:\Program Files\nodejs\node_modules\npm\node_modules\@npmcli\arborist\lib\audit-report.js:100:19) {
25 verbose audit error   headers: [Object: null prototype] {
25 verbose audit error     server: [ 'Tengine' ],
25 verbose audit error     date: [ 'Fri, 10 Apr 2026 16:06:05 GMT' ],
25 verbose audit error     'content-type': [ 'application/json' ],
25 verbose audit error     'transfer-encoding': [ 'chunked' ],
25 verbose audit error     connection: [ 'keep-alive' ],
25 verbose audit error     'strict-transport-security': [ 'max-age=5184000' ],
25 verbose audit error     via: [ 'kunlun9.cn8001[,404666]' ],
25 verbose audit error     'timing-allow-origin': [ '*' ],
25 verbose audit error     eagleid: [ 'dcb5a61d17758371658137115e' ],
25 verbose audit error     'x-fetch-attempts': [ '1' ]
25 verbose audit error   },
25 verbose audit error   statusCode: 404,
25 verbose audit error   code: 'E404',
25 verbose audit error   method: 'POST',
25 verbose audit error   uri: 'https://registry.npmmirror.com/-/npm/v1/security/advisories/bulk',
25 verbose audit error   body: {
25 verbose audit error     error: '[NOT_IMPLEMENTED] /-/npm/v1/security/* not implemented yet'
25 verbose audit error   },
25 verbose audit error   pkgid: undefined
25 verbose audit error }
26 silly audit error [object Object]
27 silly audit report null
28 http fetch GET 200 https://cdn.npmmirror.com/packages/fuse.js/7.3.0/fuse.js-7.3.0.tgz 401ms (cache miss)
29 silly ADD node_modules/fuse.js
30 verbose cwd C:\Users\29382\Desktop\VSCode\software\SEGroup8\frontend
31 verbose os Windows_NT 10.0.26200
32 verbose node v24.13.0
33 verbose npm  v11.6.2
34 notice
34 notice New minor version of npm available! 11.6.2 -> 11.12.1
34 notice Changelog: https://github.com/npm/cli/releases/tag/v11.12.1
34 notice To update run: npm install -g npm@11.12.1
34 notice  { force: true, Symbol(proc-log.meta): true }
35 verbose exit 0
36 info ok
